// Jest Snapshot v1, https://goo.gl/fbAQLP

exports[`Bubble snapshot is ok. Bubble snapshot test 1`] = `
<View
  onLayout={[Function]}
  style={
    Object {
      "flex": 1,
    }
  }
>
  <View
    style={
      Array [
        Object {
          "flex": 1,
        },
        undefined,
        undefined,
        undefined,
      ]
    }
  >
    <View
      style={
        Object {
          "flexDirection": "row",
          "justifyContent": "flex-end",
        }
      }
    >
      <View
        accessible={true}
        focusable={false}
        onClick={[Function]}
        onResponderGrant={[Function]}
        onResponderMove={[Function]}
        onResponderRelease={[Function]}
        onResponderTerminate={[Function]}
        onResponderTerminationRequest={[Function]}
        onStartShouldSetResponder={[Function]}
        style={
          Object {
            "backgroundColor": "#1b4e3f",
            "borderColor": "#7f8c8d",
            "borderRadius": 6,
            "borderWidth": 1,
            "marginBottom": 10,
            "maxWidth": "90%",
            "padding": 5,
          }
        }
      >
        <Text
          style={
            Object {
              "color": "#dfdfdf",
              "fontFamily": "medium",
              "letterSpacing": 0.3,
            }
          }
        >
          John Doe
        </Text>
        <Image
          source={
            Object {
              "uri": "https://example.com/image.png",
            }
          }
          style={
            Object {
              "height": 300,
              "marginBottom": 5,
              "width": 300,
            }
          }
        />
        <View
          style={
            Object {
              "flexDirection": "row",
              "justifyContent": "flex-end",
            }
          }
        >
          <Text
            style={
              Object {
                "color": "#7f8c8d",
                "fontFamily": "regular",
                "fontSize": 12,
                "letterSpacing": 0.3,
              }
            }
          >
            2:13 pm
          </Text>
        </View>
        <View>
          <View
            collapsable={false}
          >
            <View
              accessible={true}
              focusable={true}
              onClick={[Function]}
              onResponderGrant={[Function]}
              onResponderMove={[Function]}
              onResponderRelease={[Function]}
              onResponderTerminate={[Function]}
              onResponderTerminationRequest={[Function]}
              onStartShouldSetResponder={[Function]}
            >
              <View
                ctx={
                  Object {
                    "menuActions": Object {
                      "_getOpenedMenu": [Function],
                      "_notify": [Function],
                      "closeMenu": [Function],
                      "isMenuOpen": [Function],
                      "openMenu": [Function],
                      "toggleMenu": [Function],
                    },
                    "menuRegistry": Object {
                      "getAll": [Function],
                      "getMenu": [Function],
                      "setOptionsCustomStyles": [Function],
                      "subscribe": [Function],
                      "unsubscribe": [Function],
                      "updateLayoutInfo": [Function],
                    },
                  }
                }
                style={
                  Array [
                    undefined,
                    undefined,
                  ]
                }
              />
            </View>
          </View>
        </View>
      </View>
    </View>
  </View>
  <RCTSafeAreaView
    pointerEvents="box-none"
    style={
      Object {
        "bottom": 0,
        "left": 0,
        "position": "absolute",
        "right": 0,
        "top": 0,
      }
    }
  >
    <View
      collapsable={false}
      onLayout={[Function]}
      pointerEvents="box-none"
      style={
        Object {
          "flex": 1,
        }
      }
    />
  </RCTSafeAreaView>
</View>
`;
